SyntaxError: Invalid regular expression: /deve exibir modo " Diretoria Geral\/gi: \ at end of pattern


To open last HTML report run:
[36m[39m
[36m  npx playwright show-report[39m
[36m[39m
